FAIL __tests__/ConverterForm.test.tsx
  ● Test suite failed to run

      [31mx[0m Expected ';', '}' or <eof>
       ,-[[36;1;4mC:\Users\ACER\Projects\ytomp3\jest.setup.js[0m:5:1]
     [2m2[0m | import { TextEncoder, TextDecoder } from 'util';
     [2m3[0m | 
     [2m4[0m | global.TextEncoder = TextEncoder;
     [2m5[0m | global.TextDecoder = TextDecoder as any;
       : [35;1m^^^^^^^^^^^^^^^^|^^^^^^^^^^^^^^^[0m[33;1m ^^[0m
       :                 [35;1m`-- [35;1mThis is the expression part of an expression statement[0m[0m
     [2m6[0m | 
     [2m7[0m | // Mock ResizeObserver for Radix UI components
     [2m7[0m | global.ResizeObserver = class ResizeObserver {
       `----


    Caused by:
        Syntax Error

      at Object.transformSync (node_modules/next/src/build/swc/index.ts:1443:25)
      at transformSync (node_modules/next/src/build/swc/index.ts:1574:19)
      at Object.process (node_modules/next/src/build/swc/jest-transformer.ts:105:25)
      at ScriptTransformer.transformSource (node_modules/@jest/transform/build/index.js:422:31)
      at ScriptTransformer._transformAndBuildScript (node_modules/@jest/transform/build/index.js:519:40)
      at ScriptTransformer.transform (node_modules/@jest/transform/build/index.js:558:19)

Test Suites: 1 failed, 1 total
Tests:       0 total
Snapshots:   0 total
Time:        0.991 s
Ran all test suites matching __tests__/ConverterForm.test.tsx.
